-- os_name_op should implement gt;
-- ./spec/country_op_spec.rb:8;
BEGIN;
CREATE EXTENSION country;
SELECT 'uk'::country > 'de'::country;
 ?column? 
----------
 t
(1 row)

SELECT 'uk'::country >= 'de'::country;
 ?column? 
----------
 t
(1 row)

SELECT NOT('uk'::country < 'de'::country);
 ?column? 
----------
 t
(1 row)

SELECT NOT('uk'::country <= 'de'::country);
 ?column? 
----------
 t
(1 row)

ROLLBACK;
-- os_name_op should implement lt;
-- ./spec/country_op_spec.rb:15;
BEGIN;
CREATE EXTENSION country;
SELECT 'uk'::country > 'de'::country;
 ?column? 
----------
 t
(1 row)

SELECT 'uk'::country >= 'de'::country;
 ?column? 
----------
 t
(1 row)

SELECT NOT('uk'::country < 'de'::country);
 ?column? 
----------
 t
(1 row)

SELECT NOT('uk'::country <= 'de'::country);
 ?column? 
----------
 t
(1 row)

ROLLBACK;
-- os_name_op should implement eq;
-- ./spec/country_op_spec.rb:22;
BEGIN;
CREATE EXTENSION country;
SELECT NOT('de'::country = 'uk'::country);
 ?column? 
----------
 t
(1 row)

SELECT 'uk'::country = 'uk'::country;
 ?column? 
----------
 t
(1 row)

ROLLBACK;
-- os_name_op should implement neq;
-- ./spec/country_op_spec.rb:27;
BEGIN;
CREATE EXTENSION country;
SELECT 'de'::country != 'uk'::country;
 ?column? 
----------
 t
(1 row)

SELECT NOT('uk'::country != 'uk'::country);
 ?column? 
----------
 t
(1 row)

ROLLBACK;
